---
source: crates/craby_codegen/src/parser/turbo_module_analyzer.rs
expression: schemas
---
[
    Schema {
        module_name: "MyModule",
        alias_map: [],
        enum_map: [],
        methods: [
            Method {
                name: "myMethod",
                params: [],
                ret_type: Void,
            },
        ],
    },
]
