---
source: crates/craby_codegen/src/generator.rs
expression: result
---
use crate::{ffi::craby_test::*, generated::*};

pub struct CrabyTest;

impl CrabyTestSpec for CrabyTest {
    fn numeric_method(arg: Number) -> Number {
        unimplemented!();
    }

    fn boolean_method(arg: Boolean) -> Boolean {
        unimplemented!();
    }

    fn string_method(arg: String) -> String {
        unimplemented!();
    }

    fn object_method(arg: TestObject) -> TestObject {
        unimplemented!();
    }

    fn array_method(arg: Array<Number>) -> Array<Number> {
        unimplemented!();
    }

    fn enum_method(arg: MyEnum) -> String {
        unimplemented!();
    }

    fn promise_method(arg: Number) -> Promise<Number> {
        unimplemented!();
    }
}
